------------------------------------------------------------
TimeQuest Timing Analyzer Summary
------------------------------------------------------------

Type  : Slow Model Setup 'clk'
Slack : -12.356
TNS   : -341.539

Type  : Slow Model Setup 'reset'
Slack : -4.478
TNS   : -48.377

Type  : Slow Model Setup 'shift'
Slack : -1.590
TNS   : -19.657

Type  : Slow Model Hold 'clk'
Slack : 0.379
TNS   : 0.000

Type  : Slow Model Hold 'shift'
Slack : 0.445
TNS   : 0.000

Type  : Slow Model Hold 'reset'
Slack : 1.296
TNS   : 0.000

Type  : Slow Model Recovery 'clk'
Slack : -1.556
TNS   : -29.174

Type  : Slow Model Removal 'clk'
Slack : 0.890
TNS   : 0.000

Type  : Slow Model Minimum Pulse Width 'clk'
Slack : -2.064
TNS   : -168.077

Type  : Slow Model Minimum Pulse Width 'shift'
Slack : -1.469
TNS   : -19.799

Type  : Slow Model Minimum Pulse Width 'reset'
Slack : -1.469
TNS   : -1.469

Type  : Fast Model Setup 'clk'
Slack : -4.004
TNS   : -91.067

Type  : Fast Model Setup 'reset'
Slack : -1.529
TNS   : -15.937

Type  : Fast Model Setup 'shift'
Slack : -0.135
TNS   : -0.822

Type  : Fast Model Hold 'clk'
Slack : -0.421
TNS   : -2.935

Type  : Fast Model Hold 'shift'
Slack : 0.215
TNS   : 0.000

Type  : Fast Model Hold 'reset'
Slack : 0.464
TNS   : 0.000

Type  : Fast Model Recovery 'clk'
Slack : -0.063
TNS   : -0.491

Type  : Fast Model Removal 'clk'
Slack : -0.075
TNS   : -0.481

Type  : Fast Model Minimum Pulse Width 'clk'
Slack : -1.627
TNS   : -134.238

Type  : Fast Model Minimum Pulse Width 'shift'
Slack : -1.222
TNS   : -16.222

Type  : Fast Model Minimum Pulse Width 'reset'
Slack : -1.222
TNS   : -1.222

------------------------------------------------------------
